// Jest Snapshot v1, https://goo.gl/fbAQLP

exports[`Habit renders 1`] = `
<li
  className="habit"
>
  <span
    className="habit-name"
  >
    test
  </span>
  <span
    className="habit-count"
  >
    1
  </span>
  <button
    className="habit-button habit-increase"
    onClick={[Function]}
  >
    <i
      className="fas fa-plus-square"
    />
  </button>
  <button
    className="habit-button habit-decrease"
    onClick={[Function]}
  >
    <i
      className="fas fa-minus-square"
    />
  </button>
  <button
    className="habit-button habit-delete"
    onClick={[Function]}
  >
    <i
      className="fas fa-trash"
    />
  </button>
</li>
`;
